1O
2O
1O
4O
5O
6O
7O
8O
9D
2D
2D
4D
5D
6D
7D
8D
Hell1
W2rld
1O
2O
3O
4O
5O
6O
7O
8O
9D
2D
3D
4D
5D
6D
7D
8D
P3E.TXT
P3E.TXT
P3E.TXT
P3E.TXT
P3E.TXT
P3E.TXT
P3E.TXT
P3E.TXT
NT
NT
NT
NT
NT
NT
NT
NT
