eou123
eou343
eou563
eou783
netuh9
netuh10
netuh11
netuh12
