1111111111
2222222222
3333333333
0123456789
9876543210
7861092364
1
2
3
4
5
6
7
0
9
