123456789101112131415161718192021222324252627282930313233343536373839404142434445464748495051525354555657585960616263646566676869
12341678910111213141216171819202122232423262728293031323334343637383940414243444546474849607182931041112136147158169606162636461766676869
123456789111112131415161718192221222324252627282933313233343536373839444142434445464748495551525354555657585966616263646566676869
123456789101112131415161718192021222324252627282930313233343536373839404142434445464748495051525354555657585960616263646566676869
