1111111111
2222222222
12315678910
01211216789
98762312210
78610921364
1
2
15
6
15
6
7
0
9
