1111111111
2222222222
3333333333
0123456781
2876543210
7861032364
1
2
3
4
5
6
7
0
4
