12345678920345263748596107118129202132223242526272829303143233343536373839404154243444546474849505165253545556575859606176263646566676869
