DDDDDDDD
ABCDEFGH
D023AAC3
45%DC
C
C
CC
CC
1DD20#DCE00
00
