12345678910
11234567812130
3333333333
01415163456782
3876543172180
7861904203364
21
224
3
4
5
6
7
0
5
